
11:45:38.172 [info] Running TableAiWeb.Endpoint with Bandit 1.6.1 at 127.0.0.1:4000 (http)
11:45:38.174 [info] Access TableAiWeb.Endpoint at http://localhost:4000
11:45:42.128 [info] GET /talk/uploads/imdb
11:45:42.149 [info] Sent 200 in 21ms
11:45:42.409 [info] CONNECTED TO Phoenix.LiveView.Socket in 23µs
  Transport: :websocket
  Serializer: Phoenix.Socket.V2.JSONSerializer
  Parameters: %{"_csrf_token" => "MjI9ahodVCgEATQfP0MPXGAnLQQmCgs_mteYSZlnBL_Sx5y1YBWHAeMT", "_live_referer" => "undefined", "_mount_attempts" => "0", "_mounts" => "0", "_track_static" => %{"0" => "http://localhost:4000/assets/app.css", "1" => "http://localhost:4000/assets/app.js"}, "vsn" => "2.0.0"}
11:45:45.081 [info] Prompt: I have a csv with columns [id, title, type, genres, averageRating, numVotes, releaseYear], with these enummerations {"genres":["Action","Adult","Adventure","Animation","Biography","Comedy","Crime","Documentary","Drama","Family","Fantasy","Film-Noir","Game-Show","History","Horror","Music","Musical","Mystery","News","Reality-TV","Romance","Sci-Fi","Short","Sport","Talk-Show","Thriller","War","Western"],"type":["movie","tvMiniSeries","tvSeries"]}. This is the first 10 columns [{"averageRating":"5.4","genres":"Romance","id":"tt0000009","numVotes":"215","releaseYear":"1894","title":"Miss Jerry","type":"movie"},{"averageRating":"5.2","genres":"Documentary, News, Sport","id":"tt0000147","numVotes":"539","releaseYear":"1897","title":"The Corbett-Fitzsimmons Fight","type":"movie"},{"averageRating":"4.4","genres":"","id":"tt0000502","numVotes":"18","releaseYear":"1905","title":"Bohemios","type":"movie"},{"averageRating":"6","genres":"Action, Adventure, Biography","id":"tt0000574","numVotes":"941","releaseYear":"1906","title":"The Story of the Kelly Gang","type":"movie"},{"averageRating":"5.7","genres":"Drama","id":"tt0000591","numVotes":"28","releaseYear":"1907","title":"The Prodigal Son","type":"movie"},{"averageRating":"4.3","genres":"Drama","id":"tt0000615","numVotes":"27","releaseYear":"1907","title":"Robbery Under Arms","type":"movie"},{"averageRating":"3.1","genres":"Drama","id":"tt0000630","numVotes":"30","releaseYear":"1908","title":"Hamlet","type":"movie"},{"averageRating":"4.2","genres":"Drama","id":"tt0000675","numVotes":"22","releaseYear":"1908","title":"Don Quijote","type":"movie"},{"averageRating":"5.2","genres":"Adventure, Fantasy","id":"tt0000679","numVotes":"78","releaseYear":"1908","title":"The Fairylogue and Radio-Plays","type":"movie"}].  Use the columns and example data to answer the question: bob
11:45:45.082 [info] Steps: [%{"filters" => ["tvMiniSeries", "tvSeries"], "method" => "filter_row", "row_index" => 2}, %{"filters" => ["Comedy"], "method" => "filter_row", "row_index" => 3}, %{"column_index" => 5, "column_type" => "int", "from" => 1000, "method" => "filter_row_by_range", "to" => 1000000}, %{"column_index" => 4, "column_type" => "float", "method" => "limit", "number" => 10, "order" => "desc"}, %{"columns" => [0, 1, 2, 3, 4, 5, 6], "method" => "filter_column"}]
11:45:46.653 [info] Rows: [#Stream<[enum: [0, 1, 2, 3, 4, 5, 6], funs: [#Function<49.118167795/1 in Stream.map/2>]]>, #Stream<[enum: [0, 1, 2, 3, 4, 5, 6], funs: [#Function<49.118167795/1 in Stream.map/2>]]>, #Stream<[enum: [0, 1, 2, 3, 4, 5, 6], funs: [#Function<49.118167795/1 in Stream.map/2>]]>, #Stream<[enum: [0, 1, 2, 3, 4, 5, 6], funs: [#Function<49.118167795/1 in Stream.map/2>]]>, #Stream<[enum: [0, 1, 2, 3, 4, 5, 6], funs: [#Function<49.118167795/1 in Stream.map/2>]]>, #Stream<[enum: [0, 1, 2, 3, 4, 5, 6], funs: [#Function<49.118167795/1 in Stream.map/2>]]>, #Stream<[enum: [0, 1, 2, 3, 4, 5, 6], funs: [#Function<49.118167795/1 in Stream.map/2>]]>, #Stream<[enum: [0, 1, 2, 3, 4, 5, 6], funs: [#Function<49.118167795/1 in Stream.map/2>]]>, #Stream<[enum: [0, 1, 2, 3, 4, 5, 6], funs: [#Function<49.118167795/1 in Stream.map/2>]]>, #Stream<[enum: [0, 1, 2, 3, 4, 5, 6], funs: [#Function<49.118167795/1 in Stream.map/2>]]>]
11:48:04.540 [info] GET /talk/uploads/imdb
11:48:04.542 [info] Sent 200 in 2ms
11:48:04.600 [info] CONNECTED TO Phoenix.LiveView.Socket in 17µs
  Transport: :websocket
  Serializer: Phoenix.Socket.V2.JSONSerializer
  Parameters: %{"_csrf_token" => "LC4bQX0efhUIJz86NwZbN2oDTyopLS4lshCr4YFSNjTvpp-ZSf5fNBhN", "_live_referer" => "undefined", "_mount_attempts" => "0", "_mounts" => "0", "_track_static" => %{"0" => "http://localhost:4000/assets/app.css", "1" => "http://localhost:4000/assets/app.js"}, "vsn" => "2.0.0"}
11:48:16.930 [info] Query: dsad
11:48:16.930 [info] Steps: [%{"filters" => ["tvMiniSeries", "tvSeries"], "method" => "filter_row", "row_index" => 2}, %{"filters" => ["Comedy"], "method" => "filter_row", "row_index" => 3}, %{"column_index" => 5, "column_type" => "int", "from" => 1000, "method" => "filter_row_by_range", "to" => 1000000}, %{"column_index" => 4, "column_type" => "float", "method" => "limit", "number" => 10, "order" => "desc"}, %{"columns" => [0, 1, 2, 3, 4, 5, 6], "method" => "filter_column"}]
11:48:18.554 [info] Processed Rows: [#Stream<[enum: [0, 1, 2, 3, 4, 5, 6], funs: [#Function<49.118167795/1 in Stream.map/2>]]>, #Stream<[enum: [0, 1, 2, 3, 4, 5, 6], funs: [#Function<49.118167795/1 in Stream.map/2>]]>, #Stream<[enum: [0, 1, 2, 3, 4, 5, 6], funs: [#Function<49.118167795/1 in Stream.map/2>]]>, #Stream<[enum: [0, 1, 2, 3, 4, 5, 6], funs: [#Function<49.118167795/1 in Stream.map/2>]]>, #Stream<[enum: [0, 1, 2, 3, 4, 5, 6], funs: [#Function<49.118167795/1 in Stream.map/2>]]>, #Stream<[enum: [0, 1, 2, 3, 4, 5, 6], funs: [#Function<49.118167795/1 in Stream.map/2>]]>, #Stream<[enum: [0, 1, 2, 3, 4, 5, 6], funs: [#Function<49.118167795/1 in Stream.map/2>]]>, #Stream<[enum: [0, 1, 2, 3, 4, 5, 6], funs: [#Function<49.118167795/1 in Stream.map/2>]]>, #Stream<[enum: [0, 1, 2, 3, 4, 5, 6], funs: [#Function<49.118167795/1 in Stream.map/2>]]>, #Stream<[enum: [0, 1, 2, 3, 4, 5, 6], funs: [#Function<49.118167795/1 in Stream.map/2>]]>]
11:49:16.383 [info] GET /talk/uploads/imdb
11:49:16.386 [info] Sent 200 in 2ms
11:49:16.450 [info] CONNECTED TO Phoenix.LiveView.Socket in 10µs
  Transport: :websocket
  Serializer: Phoenix.Socket.V2.JSONSerializer
  Parameters: %{"_csrf_token" => "GDVrQBxwUQ4fKiwHJQ8cXnoQVyg3Ix4qGs3sU7iHYgGKbyj3Cu-dPLXA", "_live_referer" => "undefined", "_mount_attempts" => "0", "_mounts" => "0", "_track_static" => %{"0" => "http://localhost:4000/assets/app.css", "1" => "http://localhost:4000/assets/app.js"}, "vsn" => "2.0.0"}
11:49:28.415 [info] Query: arrrgghh
11:49:28.415 [info] Steps: [%{"filters" => ["tvMiniSeries", "tvSeries"], "method" => "filter_row", "row_index" => 2}, %{"filters" => ["Comedy"], "method" => "filter_row", "row_index" => 3}, %{"column_index" => 5, "column_type" => "int", "from" => 1000, "method" => "filter_row_by_range", "to" => 1000000}, %{"column_index" => 4, "column_type" => "float", "method" => "limit", "number" => 10, "order" => "desc"}, %{"columns" => [0, 1, 2, 3, 4, 5, 6], "method" => "filter_column"}]
11:49:30.039 [info] Processed Rows: :ok
11:50:12.769 [info] GET /talk/uploads/imdb
11:50:12.771 [info] Sent 200 in 1ms
11:50:12.823 [info] CONNECTED TO Phoenix.LiveView.Socket in 8µs
  Transport: :websocket
  Serializer: Phoenix.Socket.V2.JSONSerializer
  Parameters: %{"_csrf_token" => "ZzETQCUtdzMrHRN-P0MVHEBcTwgjDnEe8wKsljOumPx2x5cqy95DDa7u", "_live_referer" => "undefined", "_mount_attempts" => "0", "_mounts" => "0", "_track_static" => %{"0" => "http://localhost:4000/assets/app.css", "1" => "http://localhost:4000/assets/app.js"}, "vsn" => "2.0.0"}
11:50:52.217 [info] GET /talk/uploads/imdb
11:50:52.219 [info] Sent 200 in 2ms
11:50:52.271 [info] CONNECTED TO Phoenix.LiveView.Socket in 9µs
  Transport: :websocket
  Serializer: Phoenix.Socket.V2.JSONSerializer
  Parameters: %{"_csrf_token" => "NBMuQgURVDwIDwkDFSBEKwsPPwRUXCgIkUvqLVlzNBbORV2F2jEH33nc", "_live_referer" => "undefined", "_mount_attempts" => "0", "_mounts" => "0", "_track_static" => %{"0" => "http://localhost:4000/assets/app.css", "1" => "http://localhost:4000/assets/app.js"}, "vsn" => "2.0.0"}
11:50:58.543 [info] Query: bob
11:50:58.543 [info] Steps: [%{"filters" => ["tvMiniSeries", "tvSeries"], "method" => "filter_row", "row_index" => 2}, %{"filters" => ["Comedy"], "method" => "filter_row", "row_index" => 3}, %{"column_index" => 5, "column_type" => "int", "from" => 1000, "method" => "filter_row_by_range", "to" => 1000000}, %{"column_index" => 4, "column_type" => "float", "method" => "limit", "number" => 10, "order" => "desc"}, %{"columns" => [0, 1, 2, 3, 4, 5, 6], "method" => "filter_column"}]
11:51:00.121 [info] Processed Rows: [#Stream<[enum: [0, 1, 2, 3, 4, 5, 6], funs: [#Function<49.118167795/1 in Stream.map/2>]]>, #Stream<[enum: [0, 1, 2, 3, 4, 5, 6], funs: [#Function<49.118167795/1 in Stream.map/2>]]>, #Stream<[enum: [0, 1, 2, 3, 4, 5, 6], funs: [#Function<49.118167795/1 in Stream.map/2>]]>, #Stream<[enum: [0, 1, 2, 3, 4, 5, 6], funs: [#Function<49.118167795/1 in Stream.map/2>]]>, #Stream<[enum: [0, 1, 2, 3, 4, 5, 6], funs: [#Function<49.118167795/1 in Stream.map/2>]]>, #Stream<[enum: [0, 1, 2, 3, 4, 5, 6], funs: [#Function<49.118167795/1 in Stream.map/2>]]>, #Stream<[enum: [0, 1, 2, 3, 4, 5, 6], funs: [#Function<49.118167795/1 in Stream.map/2>]]>, #Stream<[enum: [0, 1, 2, 3, 4, 5, 6], funs: [#Function<49.118167795/1 in Stream.map/2>]]>, #Stream<[enum: [0, 1, 2, 3, 4, 5, 6], funs: [#Function<49.118167795/1 in Stream.map/2>]]>, #Stream<[enum: [0, 1, 2, 3, 4, 5, 6], funs: [#Function<49.118167795/1 in Stream.map/2>]]>]
11:51:29.142 [info] GET /talk/uploads/imdb
11:51:29.144 [info] Sent 200 in 2ms
11:51:29.209 [info] CONNECTED TO Phoenix.LiveView.Socket in 10µs
  Transport: :websocket
  Serializer: Phoenix.Socket.V2.JSONSerializer
  Parameters: %{"_csrf_token" => "MgE7aiAYSRkjJDEuBDUVGHwnNAsMQikAmGcYi_q_eiZbCCcuEBNGk-ok", "_live_referer" => "undefined", "_mount_attempts" => "0", "_mounts" => "0", "_track_static" => %{"0" => "http://localhost:4000/assets/app.css", "1" => "http://localhost:4000/assets/app.js"}, "vsn" => "2.0.0"}
11:51:33.645 [info] GET /talk/uploads/imdb
11:51:33.646 [info] Sent 200 in 844µs
11:51:33.673 [info] CONNECTED TO Phoenix.LiveView.Socket in 8µs
  Transport: :websocket
  Serializer: Phoenix.Socket.V2.JSONSerializer
  Parameters: %{"_csrf_token" => "MzIqCiAPf3UXGFoOFE4DJlgjNBUpJSM_ltr9iHG3QU1BS8uKaFNYNJeT", "_live_referer" => "undefined", "_mount_attempts" => "0", "_mounts" => "0", "_track_static" => %{"0" => "http://localhost:4000/assets/app.css", "1" => "http://localhost:4000/assets/app.js"}, "vsn" => "2.0.0"}
11:51:36.287 [info] Query: dsa
11:51:36.288 [info] Steps: [%{"filters" => ["tvMiniSeries", "tvSeries"], "method" => "filter_row", "row_index" => 2}, %{"filters" => ["Comedy"], "method" => "filter_row", "row_index" => 3}, %{"column_index" => 5, "column_type" => "int", "from" => 1000, "method" => "filter_row_by_range", "to" => 1000000}, %{"column_index" => 4, "column_type" => "float", "method" => "limit", "number" => 10, "order" => "desc"}, %{"columns" => [0, 1, 2, 3, 4, 5, 6], "method" => "filter_column"}]
11:51:37.904 [error] GenServer #PID<0.1049.0> terminating
** (ArgumentError) cannot convert the given list to a string.

To be converted to a string, a list must either be empty or only
contain the following elements:

  * strings
  * integers representing Unicode code points
  * a list containing one of these three elements

Please check the given list or call inspect/1 to get the list representation, got:

[#Stream<[enum: [0, 1, 2, 3, 4, 5, 6], funs: [#Function<49.118167795/1 in Stream.map/2>]]>, #Stream<[enum: [0, 1, 2, 3, 4, 5, 6], funs: [#Function<49.118167795/1 in Stream.map/2>]]>, #Stream<[enum: [0, 1, 2, 3, 4, 5, 6], funs: [#Function<49.118167795/1 in Stream.map/2>]]>, #Stream<[enum: [0, 1, 2, 3, 4, 5, 6], funs: [#Function<49.118167795/1 in Stream.map/2>]]>, #Stream<[enum: [0, 1, 2, 3, 4, 5, 6], funs: [#Function<49.118167795/1 in Stream.map/2>]]>, #Stream<[enum: [0, 1, 2, 3, 4, 5, 6], funs: [#Function<49.118167795/1 in Stream.map/2>]]>, #Stream<[enum: [0, 1, 2, 3, 4, 5, 6], funs: [#Function<49.118167795/1 in Stream.map/2>]]>, #Stream<[enum: [0, 1, 2, 3, 4, 5, 6], funs: [#Function<49.118167795/1 in Stream.map/2>]]>, #Stream<[enum: [0, 1, 2, 3, 4, 5, 6], funs: [#Function<49.118167795/1 in Stream.map/2>]]>, #Stream<[enum: [0, 1, 2, 3, 4, 5, 6], funs: [#Function<49.118167795/1 in Stream.map/2>]]>]

    (elixir 1.18.1) lib/list.ex:1124: List.to_string/1
    (table_ai 0.1.0) lib/table_ai_web/live/table_live.ex:56: TableAiWeb.TableLive.handle_info/2
    (phoenix_live_view 1.0.1) lib/phoenix_live_view/channel.ex:360: Phoenix.LiveView.Channel.handle_info/2
    (stdlib 6.2) gen_server.erl:2345: :gen_server.try_handle_info/3
    (stdlib 6.2) gen_server.erl:2433: :gen_server.handle_msg/6
    (stdlib 6.2) proc_lib.erl:329: :proc_lib.init_p_do_apply/3
Last message: {:rows, %{data: [#Stream<[enum: [0, 1, 2, 3, 4, 5, 6], funs: [#Function<49.118167795/1 in Stream.map/2>]]>, #Stream<[enum: [0, 1, 2, 3, 4, 5, 6], funs: [#Function<49.118167795/1 in Stream.map/2>]]>, #Stream<[enum: [0, 1, 2, 3, 4, 5, 6], funs: [#Function<49.118167795/1 in Stream.map/2>]]>, #Stream<[enum: [0, 1, 2, 3, 4, 5, 6], funs: [#Function<49.118167795/1 in Stream.map/2>]]>, #Stream<[enum: [0, 1, 2, 3, 4, 5, 6], funs: [#Function<49.118167795/1 in Stream.map/2>]]>, #Stream<[enum: [0, 1, 2, 3, 4, 5, 6], funs: [#Function<49.118167795/1 in Stream.map/2>]]>, #Stream<[enum: [0, 1, 2, 3, 4, 5, 6], funs: [#Function<49.118167795/1 in Stream.map/2>]]>, #Stream<[enum: [0, 1, 2, 3, 4, 5, 6], funs: [#Function<49.118167795/1 in Stream.map/2>]]>, #Stream<[enum: [0, 1, 2, 3, 4, 5, 6], funs: [#Function<49.118167795/1 in Stream.map/2>]]>, #Stream<[enum: [0, 1, 2, 3, 4, 5, 6], funs: [#Function<49.118167795/1 in Stream.map/2>]]>], errors: []}}
State: %{socket: #Phoenix.LiveView.Socket<id: "phx-GBlSjD-zqymy2Aal", endpoint: TableAiWeb.Endpoint, view: TableAiWeb.TableLive, parent_pid: nil, root_pid: #PID<0.1049.0>, router: TableAiWeb.Router, assigns: %{loading: true, form: %{}, rows: [], errors: [], __changed__: %{}, flash: %{}, nlp_query: %TableAi.Structs.NLPQuery{df: #Stream<[enum: #Function<62.118167795/2 in Stream.transform/4>, funs: [#Function<49.118167795/1 in Stream.map/2>, #Function<57.118167795/1 in Stream.take_after_guards/2>]]>, headers: ["id", "title", "type", "genres", "averageRating", "numVotes", "releaseYear"], steps: [%{"filters" => ["tvMiniSeries", "tvSeries"], "method" => "filter_row", "row_index" => 2}, %{"filters" => ["Comedy"], "method" => "filter_row", "row_index" => 3}, %{"column_index" => 5, "column_type" => "int", "from" => 1000, "method" => "filter_row_by_range", "to" => 1000000}, %{"column_index" => 4, "column_type" => "float", "method" => "limit", "number" => 10, "order" => "desc"}, %{"columns" => [0, 1, 2, 3, 4, 5, 6], "method" => "filter_column"}], errors: [], file_path: "/Users/tomberman/Development/table_ai/_build/dev/lib/table_ai/priv/static/uploads/imdb", user_query: "dsa", file_name: "imdb"}, query_id: "00a0bf58-0a93-4a74-b0bc-967daeb8da11", live_action: nil}, transport_pid: #PID<0.1041.0>, ...>, components: {%{}, %{}, 1}, topic: "lv:phx-GBlSjD-zqymy2Aal", serializer: Phoenix.Socket.V2.JSONSerializer, join_ref: "4", upload_names: %{}, upload_pids: %{}}
